/Users/matsuoyoshihiro/v4/stock_arena_youtube_sync/.venv_youtube_sync/lib/python3.10/site-packages/google/api_core/_python_version_support.py:254: FutureWarning: You are using a Python version (3.10.2) which Google will stop supporting in new releases of google.api_core once it reaches its end of life (2026-10-04). Please upgrade to the latest Python version, or at least Python 3.11, to continue receiving updates for google.api_core past that date.
  warnings.warn(message, FutureWarning)
/Users/matsuoyoshihiro/v4/stock_arena_youtube_sync/.venv_youtube_sync/lib/python3.10/site-packages/google/api_core/_python_version_support.py:254: FutureWarning: You are using a Python version (3.10.2) which Google will stop supporting in new releases of google.api_core once it reaches its end of life (2026-10-04). Please upgrade to the latest Python version, or at least Python 3.11, to continue receiving updates for google.api_core past that date.
  warnings.warn(message, FutureWarning)
/Users/matsuoyoshihiro/v4/stock_arena_youtube_sync/.venv_youtube_sync/lib/python3.10/site-packages/google/api_core/_python_version_support.py:254: FutureWarning: You are using a Python version (3.10.2) which Google will stop supporting in new releases of google.api_core once it reaches its end of life (2026-10-04). Please upgrade to the latest Python version, or at least Python 3.11, to continue receiving updates for google.api_core past that date.
  warnings.warn(message, FutureWarning)
/Users/matsuoyoshihiro/v4/stock_arena_youtube_sync/.venv_youtube_sync/lib/python3.10/site-packages/google/api_core/_python_version_support.py:254: FutureWarning: You are using a Python version (3.10.2) which Google will stop supporting in new releases of google.api_core once it reaches its end of life (2026-10-04). Please upgrade to the latest Python version, or at least Python 3.11, to continue receiving updates for google.api_core past that date.
  warnings.warn(message, FutureWarning)
/Users/matsuoyoshihiro/v4/stock_arena_youtube_sync/.venv_youtube_sync/lib/python3.10/site-packages/google/api_core/_python_version_support.py:254: FutureWarning: You are using a Python version (3.10.2) which Google will stop supporting in new releases of google.api_core once it reaches its end of life (2026-10-04). Please upgrade to the latest Python version, or at least Python 3.11, to continue receiving updates for google.api_core past that date.
  warnings.warn(message, FutureWarning)
/Users/matsuoyoshihiro/v4/stock_arena_youtube_sync/.venv_youtube_sync/lib/python3.10/site-packages/google/api_core/_python_version_support.py:254: FutureWarning: You are using a Python version (3.10.2) which Google will stop supporting in new releases of google.api_core once it reaches its end of life (2026-10-04). Please upgrade to the latest Python version, or at least Python 3.11, to continue receiving updates for google.api_core past that date.
  warnings.warn(message, FutureWarning)
/Users/matsuoyoshihiro/v4/stock_arena_youtube_sync/.venv_youtube_sync/lib/python3.10/site-packages/google/api_core/_python_version_support.py:254: FutureWarning: You are using a Python version (3.10.2) which Google will stop supporting in new releases of google.api_core once it reaches its end of life (2026-10-04). Please upgrade to the latest Python version, or at least Python 3.11, to continue receiving updates for google.api_core past that date.
  warnings.warn(message, FutureWarning)
[ERROR] Invalid isoformat string: '20260810'
Traceback (most recent call last):
  File "/Users/matsuoyoshihiro/v4/stock_arena_youtube_sync/update_stock_arena_youtube.py", line 737, in <module>
    main()
  File "/Users/matsuoyoshihiro/v4/stock_arena_youtube_sync/update_stock_arena_youtube.py", line 669, in main
    imp, ctr, reach_status = aggregate_reach(
  File "/Users/matsuoyoshihiro/v4/stock_arena_youtube_sync/update_stock_arena_youtube.py", line 495, in aggregate_reach
    d = date.fromisoformat(d_str)
ValueError: Invalid isoformat string: '20260810'
/Users/matsuoyoshihiro/v4/stock_arena_youtube_sync/.venv_youtube_sync/lib/python3.10/site-packages/google/api_core/_python_version_support.py:254: FutureWarning: You are using a Python version (3.10.2) which Google will stop supporting in new releases of google.api_core once it reaches its end of life (2026-10-04). Please upgrade to the latest Python version, or at least Python 3.11, to continue receiving updates for google.api_core past that date.
  warnings.warn(message, FutureWarning)
[ERROR] Invalid isoformat string: '20260810'
Traceback (most recent call last):
  File "/Users/matsuoyoshihiro/v4/stock_arena_youtube_sync/update_stock_arena_youtube.py", line 737, in <module>
    main()
  File "/Users/matsuoyoshihiro/v4/stock_arena_youtube_sync/update_stock_arena_youtube.py", line 669, in main
    imp, ctr, reach_status = aggregate_reach(
  File "/Users/matsuoyoshihiro/v4/stock_arena_youtube_sync/update_stock_arena_youtube.py", line 495, in aggregate_reach
    d = date.fromisoformat(d_str)
ValueError: Invalid isoformat string: '20260810'
/Users/matsuoyoshihiro/v4/stock_arena_youtube_sync/.venv_youtube_sync/lib/python3.10/site-packages/google/api_core/_python_version_support.py:254: FutureWarning: You are using a Python version (3.10.2) which Google will stop supporting in new releases of google.api_core once it reaches its end of life (2026-10-04). Please upgrade to the latest Python version, or at least Python 3.11, to continue receiving updates for google.api_core past that date.
  warnings.warn(message, FutureWarning)
/Users/matsuoyoshihiro/v4/stock_arena_youtube_sync/.venv_youtube_sync/lib/python3.10/site-packages/google/api_core/_python_version_support.py:254: FutureWarning: You are using a Python version (3.10.2) which Google will stop supporting in new releases of google.api_core once it reaches its end of life (2026-10-04). Please upgrade to the latest Python version, or at least Python 3.11, to continue receiving updates for google.api_core past that date.
  warnings.warn(message, FutureWarning)
/Users/matsuoyoshihiro/v4/stock_arena_youtube_sync/.venv_youtube_sync/lib/python3.10/site-packages/google/api_core/_python_version_support.py:254: FutureWarning: You are using a Python version (3.10.2) which Google will stop supporting in new releases of google.api_core once it reaches its end of life (2026-10-04). Please upgrade to the latest Python version, or at least Python 3.11, to continue receiving updates for google.api_core past that date.
  warnings.warn(message, FutureWarning)
/Users/matsuoyoshihiro/v4/stock_arena_youtube_sync/.venv_youtube_sync/lib/python3.10/site-packages/google/api_core/_python_version_support.py:254: FutureWarning: You are using a Python version (3.10.2) which Google will stop supporting in new releases of google.api_core once it reaches its end of life (2026-10-04). Please upgrade to the latest Python version, or at least Python 3.11, to continue receiving updates for google.api_core past that date.
  warnings.warn(message, FutureWarning)
/Users/matsuoyoshihiro/v4/stock_arena_youtube_sync/.venv_youtube_sync/lib/python3.10/site-packages/google/api_core/_python_version_support.py:254: FutureWarning: You are using a Python version (3.10.2) which Google will stop supporting in new releases of google.api_core once it reaches its end of life (2026-10-04). Please upgrade to the latest Python version, or at least Python 3.11, to continue receiving updates for google.api_core past that date.
  warnings.warn(message, FutureWarning)
/Users/matsuoyoshihiro/v4/stock_arena_youtube_sync/.venv_youtube_sync/lib/python3.10/site-packages/google/api_core/_python_version_support.py:254: FutureWarning: You are using a Python version (3.10.2) which Google will stop supporting in new releases of google.api_core once it reaches its end of life (2026-10-04). Please upgrade to the latest Python version, or at least Python 3.11, to continue receiving updates for google.api_core past that date.
  warnings.warn(message, FutureWarning)
/Users/matsuoyoshihiro/v4/stock_arena_youtube_sync/.venv_youtube_sync/lib/python3.10/site-packages/google/api_core/_python_version_support.py:254: FutureWarning: You are using a Python version (3.10.2) which Google will stop supporting in new releases of google.api_core once it reaches its end of life (2026-10-04). Please upgrade to the latest Python version, or at least Python 3.11, to continue receiving updates for google.api_core past that date.
  warnings.warn(message, FutureWarning)
/Users/matsuoyoshihiro/v4/stock_arena_youtube_sync/.venv_youtube_sync/lib/python3.10/site-packages/google/api_core/_python_version_support.py:254: FutureWarning: You are using a Python version (3.10.2) which Google will stop supporting in new releases of google.api_core once it reaches its end of life (2026-10-04). Please upgrade to the latest Python version, or at least Python 3.11, to continue receiving updates for google.api_core past that date.
  warnings.warn(message, FutureWarning)
/Users/matsuoyoshihiro/v4/stock_arena_youtube_sync/.venv_youtube_sync/lib/python3.10/site-packages/google/api_core/_python_version_support.py:254: FutureWarning: You are using a Python version (3.10.2) which Google will stop supporting in new releases of google.api_core once it reaches its end of life (2026-10-04). Please upgrade to the latest Python version, or at least Python 3.11, to continue receiving updates for google.api_core past that date.
  warnings.warn(message, FutureWarning)
/Users/matsuoyoshihiro/v4/stock_arena_youtube_sync/.venv_youtube_sync/lib/python3.10/site-packages/google/api_core/_python_version_support.py:254: FutureWarning: You are using a Python version (3.10.2) which Google will stop supporting in new releases of google.api_core once it reaches its end of life (2026-10-04). Please upgrade to the latest Python version, or at least Python 3.11, to continue receiving updates for google.api_core past that date.
  warnings.warn(message, FutureWarning)
/Users/matsuoyoshihiro/v4/stock_arena_youtube_sync/.venv_youtube_sync/lib/python3.10/site-packages/google/api_core/_python_version_support.py:254: FutureWarning: You are using a Python version (3.10.2) which Google will stop supporting in new releases of google.api_core once it reaches its end of life (2026-10-04). Please upgrade to the latest Python version, or at least Python 3.11, to continue receiving updates for google.api_core past that date.
  warnings.warn(message, FutureWarning)
/Users/matsuoyoshihiro/v4/stock_arena_youtube_sync/.venv_youtube_sync/lib/python3.10/site-packages/google/api_core/_python_version_support.py:254: FutureWarning: You are using a Python version (3.10.2) which Google will stop supporting in new releases of google.api_core once it reaches its end of life (2026-10-04). Please upgrade to the latest Python version, or at least Python 3.11, to continue receiving updates for google.api_core past that date.
  warnings.warn(message, FutureWarning)
/Users/matsuoyoshihiro/v4/stock_arena_youtube_sync/.venv_youtube_sync/lib/python3.10/site-packages/google/api_core/_python_version_support.py:254: FutureWarning: You are using a Python version (3.10.2) which Google will stop supporting in new releases of google.api_core once it reaches its end of life (2026-10-04). Please upgrade to the latest Python version, or at least Python 3.11, to continue receiving updates for google.api_core past that date.
  warnings.warn(message, FutureWarning)
/Users/matsuoyoshihiro/v4/stock_arena_youtube_sync/.venv_youtube_sync/lib/python3.10/site-packages/google/api_core/_python_version_support.py:254: FutureWarning: You are using a Python version (3.10.2) which Google will stop supporting in new releases of google.api_core once it reaches its end of life (2026-10-04). Please upgrade to the latest Python version, or at least Python 3.11, to continue receiving updates for google.api_core past that date.
  warnings.warn(message, FutureWarning)
/Users/matsuoyoshihiro/v4/stock_arena_youtube_sync/.venv_youtube_sync/lib/python3.10/site-packages/google/api_core/_python_version_support.py:254: FutureWarning: You are using a Python version (3.10.2) which Google will stop supporting in new releases of google.api_core once it reaches its end of life (2026-10-04). Please upgrade to the latest Python version, or at least Python 3.11, to continue receiving updates for google.api_core past that date.
  warnings.warn(message, FutureWarning)
/Users/matsuoyoshihiro/v4/stock_arena_youtube_sync/.venv_youtube_sync/lib/python3.10/site-packages/google/api_core/_python_version_support.py:254: FutureWarning: You are using a Python version (3.10.2) which Google will stop supporting in new releases of google.api_core once it reaches its end of life (2026-10-04). Please upgrade to the latest Python version, or at least Python 3.11, to continue receiving updates for google.api_core past that date.
  warnings.warn(message, FutureWarning)
/Users/matsuoyoshihiro/v4/stock_arena_youtube_sync/.venv_youtube_sync/lib/python3.10/site-packages/google/api_core/_python_version_support.py:254: FutureWarning: You are using a Python version (3.10.2) which Google will stop supporting in new releases of google.api_core once it reaches its end of life (2026-10-04). Please upgrade to the latest Python version, or at least Python 3.11, to continue receiving updates for google.api_core past that date.
  warnings.warn(message, FutureWarning)
/Users/matsuoyoshihiro/v4/stock_arena_youtube_sync/.venv_youtube_sync/lib/python3.10/site-packages/google/api_core/_python_version_support.py:254: FutureWarning: You are using a Python version (3.10.2) which Google will stop supporting in new releases of google.api_core once it reaches its end of life (2026-10-04). Please upgrade to the latest Python version, or at least Python 3.11, to continue receiving updates for google.api_core past that date.
  warnings.warn(message, FutureWarning)
/Users/matsuoyoshihiro/v4/stock_arena_youtube_sync/.venv_youtube_sync/lib/python3.10/site-packages/google/api_core/_python_version_support.py:254: FutureWarning: You are using a Python version (3.10.2) which Google will stop supporting in new releases of google.api_core once it reaches its end of life (2026-10-04). Please upgrade to the latest Python version, or at least Python 3.11, to continue receiving updates for google.api_core past that date.
  warnings.warn(message, FutureWarning)
/Users/matsuoyoshihiro/v4/stock_arena_youtube_sync/.venv_youtube_sync/lib/python3.10/site-packages/google/api_core/_python_version_support.py:254: FutureWarning: You are using a Python version (3.10.2) which Google will stop supporting in new releases of google.api_core once it reaches its end of life (2026-10-04). Please upgrade to the latest Python version, or at least Python 3.11, to continue receiving updates for google.api_core past that date.
  warnings.warn(message, FutureWarning)
/Users/matsuoyoshihiro/v4/stock_arena_youtube_sync/.venv_youtube_sync/lib/python3.10/site-packages/google/api_core/_python_version_support.py:254: FutureWarning: You are using a Python version (3.10.2) which Google will stop supporting in new releases of google.api_core once it reaches its end of life (2026-10-04). Please upgrade to the latest Python version, or at least Python 3.11, to continue receiving updates for google.api_core past that date.
  warnings.warn(message, FutureWarning)
/Users/matsuoyoshihiro/v4/stock_arena_youtube_sync/.venv_youtube_sync/lib/python3.10/site-packages/google/api_core/_python_version_support.py:254: FutureWarning: You are using a Python version (3.10.2) which Google will stop supporting in new releases of google.api_core once it reaches its end of life (2026-10-04). Please upgrade to the latest Python version, or at least Python 3.11, to continue receiving updates for google.api_core past that date.
  warnings.warn(message, FutureWarning)
/Users/matsuoyoshihiro/v4/stock_arena_youtube_sync/.venv_youtube_sync/lib/python3.10/site-packages/google/api_core/_python_version_support.py:254: FutureWarning: You are using a Python version (3.10.2) which Google will stop supporting in new releases of google.api_core once it reaches its end of life (2026-10-04). Please upgrade to the latest Python version, or at least Python 3.11, to continue receiving updates for google.api_core past that date.
  warnings.warn(message, FutureWarning)
/Users/matsuoyoshihiro/v4/stock_arena_youtube_sync/.venv_youtube_sync/lib/python3.10/site-packages/google/api_core/_python_version_support.py:254: FutureWarning: You are using a Python version (3.10.2) which Google will stop supporting in new releases of google.api_core once it reaches its end of life (2026-10-04). Please upgrade to the latest Python version, or at least Python 3.11, to continue receiving updates for google.api_core past that date.
  warnings.warn(message, FutureWarning)
/Users/matsuoyoshihiro/v4/stock_arena_youtube_sync/.venv_youtube_sync/lib/python3.10/site-packages/google/api_core/_python_version_support.py:254: FutureWarning: You are using a Python version (3.10.2) which Google will stop supporting in new releases of google.api_core once it reaches its end of life (2026-10-04). Please upgrade to the latest Python version, or at least Python 3.11, to continue receiving updates for google.api_core past that date.
  warnings.warn(message, FutureWarning)
/Users/matsuoyoshihiro/v4/stock_arena_youtube_sync/.venv_youtube_sync/lib/python3.10/site-packages/google/api_core/_python_version_support.py:254: FutureWarning: You are using a Python version (3.10.2) which Google will stop supporting in new releases of google.api_core once it reaches its end of life (2026-10-04). Please upgrade to the latest Python version, or at least Python 3.11, to continue receiving updates for google.api_core past that date.
  warnings.warn(message, FutureWarning)
